# QEMU configure log jeu. 03 sept. 2026 14:52:00 CEST
# Configured with: '../configure' '--target-list=arm-softmmu' '--prefix=/opt/GSM/qemu-install' '--disable-werror'

#
cc -c -o config-temp/qemu-conf.o config-temp/qemu-conf.c
cc -c -o config-temp/qemu-conf.o config-temp/qemu-conf.c
config-temp/qemu-conf.c:2:2: error: #error __i386__ not defined
    2 | #error __i386__ not defined
      |  ^~~~~
cc -c -o config-temp/qemu-conf.o config-temp/qemu-conf.c
cc -c -o config-temp/qemu-conf.o config-temp/qemu-conf.c
config-temp/qemu-conf.c:2:2: error: #error __ILP32__ not defined
    2 | #error __ILP32__ not defined
      |  ^~~~~
cc -m64 -m64 -c -o config-temp/qemu-conf.o config-temp/qemu-conf.c
cc -m64 -c -o config-temp/qemu-conf.o config-temp/qemu-conf.c
cc -m64 -Werror -fPIE -DPIE -o config-temp/qemu-conf.exe config-temp/qemu-conf.c -pie
cc -m64 -o config-temp/qemu-conf.exe config-temp/qemu-conf.c
config-temp/qemu-conf.c:2:3: error: #error LITTLE
    2 | # error LITTLE
      |   ^~~~~
